[0.744s] Invoking command in '/home/sky/Documents/My-Projects/ros2-learning/ros2-ws/build/py_pubsub': DEBUGINFOD_URLS=https://debuginfod.ubuntu.com PYTHONPATH=/home/sky/Documents/My-Projects/ros2-learning/ros2-ws/build/py_pubsub/prefix_override:/usr/lib/python3/dist-packages/colcon_core/task/python/colcon_distutils_commands:/home/sky/Documents/My-Projects/ros2-learning/ros2-ws/install/py_pubsub/lib/python3.12/site-packages:${PYTHONPATH} /usr/bin/python3 -W ignore:setup.py install is deprecated -W ignore:easy_install command is deprecated setup.py develop --editable --build-directory /home/sky/Documents/My-Projects/ros2-learning/ros2-ws/build/py_pubsub/build --no-deps symlink_data --force
[1.004s] running develop
[1.171s] running egg_info
[1.187s] writing py_pubsub.egg-info/PKG-INFO
[1.187s] writing dependency_links to py_pubsub.egg-info/dependency_links.txt
[1.187s] writing entry points to py_pubsub.egg-info/entry_points.txt
[1.188s] writing requirements to py_pubsub.egg-info/requires.txt
[1.188s] writing top-level names to py_pubsub.egg-info/top_level.txt
[1.221s] reading manifest file 'py_pubsub.egg-info/SOURCES.txt'
[1.222s] writing manifest file 'py_pubsub.egg-info/SOURCES.txt'
[1.239s] running build_ext
[1.240s] Creating /home/sky/Documents/My-Projects/ros2-learning/ros2-ws/install/py_pubsub/lib/python3.12/site-packages/py-pubsub.egg-link (link to .)
[1.240s] Installing listener script to /home/sky/Documents/My-Projects/ros2-learning/ros2-ws/install/py_pubsub/lib/py_pubsub
[1.240s] Installing talker script to /home/sky/Documents/My-Projects/ros2-learning/ros2-ws/install/py_pubsub/lib/py_pubsub
[1.240s] 
[1.241s] Installed /home/sky/Documents/My-Projects/ros2-learning/ros2-ws/build/py_pubsub
[1.241s] running symlink_data
[1.241s] symbolically linking /home/sky/Documents/My-Projects/ros2-learning/ros2-ws/build/py_pubsub/resource/py_pubsub -> /home/sky/Documents/My-Projects/ros2-learning/ros2-ws/install/py_pubsub/share/ament_index/resource_index/packages
[1.241s] symbolically linking /home/sky/Documents/My-Projects/ros2-learning/ros2-ws/build/py_pubsub/package.xml -> /home/sky/Documents/My-Projects/ros2-learning/ros2-ws/install/py_pubsub/share/py_pubsub
[1.272s] Invoked command in '/home/sky/Documents/My-Projects/ros2-learning/ros2-ws/build/py_pubsub' returned '0': DEBUGINFOD_URLS=https://debuginfod.ubuntu.com PYTHONPATH=/home/sky/Documents/My-Projects/ros2-learning/ros2-ws/build/py_pubsub/prefix_override:/usr/lib/python3/dist-packages/colcon_core/task/python/colcon_distutils_commands:/home/sky/Documents/My-Projects/ros2-learning/ros2-ws/install/py_pubsub/lib/python3.12/site-packages:${PYTHONPATH} /usr/bin/python3 -W ignore:setup.py install is deprecated -W ignore:easy_install command is deprecated setup.py develop --editable --build-directory /home/sky/Documents/My-Projects/ros2-learning/ros2-ws/build/py_pubsub/build --no-deps symlink_data --force
