[0.872s] Invoking command in '/home/sky/Documents/My-Projects/ros2-learning/ros2-ws/src': DEBUGINFOD_URLS=https://debuginfod.ubuntu.com PYTHONPATH=/home/sky/Documents/My-Projects/ros2-learning/ros2-ws/build/py_pubsub/prefix_override:/usr/lib/python3/dist-packages/colcon_core/task/python/colcon_distutils_commands:/home/sky/Documents/My-Projects/ros2-learning/ros2-ws/install/py_pubsub/lib/python3.12/site-packages:${PYTHONPATH} /usr/bin/python3 -W ignore:setup.py install is deprecated -W ignore:easy_install command is deprecated setup.py egg_info --egg-base ../build/py_pubsub build --build-base /home/sky/Documents/My-Projects/ros2-learning/ros2-ws/build/py_pubsub/build install --record /home/sky/Documents/My-Projects/ros2-learning/ros2-ws/build/py_pubsub/install.log --single-version-externally-managed install_data
[1.085s] running egg_info
[1.086s] creating ../build/py_pubsub/py_pubsub.egg-info
[1.101s] writing ../build/py_pubsub/py_pubsub.egg-info/PKG-INFO
[1.101s] writing dependency_links to ../build/py_pubsub/py_pubsub.egg-info/dependency_links.txt
[1.101s] writing entry points to ../build/py_pubsub/py_pubsub.egg-info/entry_points.txt
[1.101s] writing requirements to ../build/py_pubsub/py_pubsub.egg-info/requires.txt
[1.102s] writing top-level names to ../build/py_pubsub/py_pubsub.egg-info/top_level.txt
[1.102s] writing manifest file '../build/py_pubsub/py_pubsub.egg-info/SOURCES.txt'
[1.137s] reading manifest file '../build/py_pubsub/py_pubsub.egg-info/SOURCES.txt'
[1.137s] writing manifest file '../build/py_pubsub/py_pubsub.egg-info/SOURCES.txt'
[1.138s] running build
[1.138s] running build_py
[1.138s] creating /home/sky/Documents/My-Projects/ros2-learning/ros2-ws/build/py_pubsub/build
[1.138s] creating /home/sky/Documents/My-Projects/ros2-learning/ros2-ws/build/py_pubsub/build/lib
[1.138s] creating /home/sky/Documents/My-Projects/ros2-learning/ros2-ws/build/py_pubsub/build/lib/py_pubsub
[1.138s] copying py_pubsub/subscriber_node.py -> /home/sky/Documents/My-Projects/ros2-learning/ros2-ws/build/py_pubsub/build/lib/py_pubsub
[1.139s] copying py_pubsub/__init__.py -> /home/sky/Documents/My-Projects/ros2-learning/ros2-ws/build/py_pubsub/build/lib/py_pubsub
[1.139s] copying py_pubsub/publisher_node.py -> /home/sky/Documents/My-Projects/ros2-learning/ros2-ws/build/py_pubsub/build/lib/py_pubsub
[1.139s] running install
[1.144s] running install_lib
[1.161s] creating /home/sky/Documents/My-Projects/ros2-learning/ros2-ws/install/py_pubsub/lib/python3.12/site-packages/py_pubsub
[1.162s] copying /home/sky/Documents/My-Projects/ros2-learning/ros2-ws/build/py_pubsub/build/lib/py_pubsub/subscriber_node.py -> /home/sky/Documents/My-Projects/ros2-learning/ros2-ws/install/py_pubsub/lib/python3.12/site-packages/py_pubsub
[1.162s] copying /home/sky/Documents/My-Projects/ros2-learning/ros2-ws/build/py_pubsub/build/lib/py_pubsub/__init__.py -> /home/sky/Documents/My-Projects/ros2-learning/ros2-ws/install/py_pubsub/lib/python3.12/site-packages/py_pubsub
[1.162s] copying /home/sky/Documents/My-Projects/ros2-learning/ros2-ws/build/py_pubsub/build/lib/py_pubsub/publisher_node.py -> /home/sky/Documents/My-Projects/ros2-learning/ros2-ws/install/py_pubsub/lib/python3.12/site-packages/py_pubsub
[1.162s] byte-compiling /home/sky/Documents/My-Projects/ros2-learning/ros2-ws/install/py_pubsub/lib/python3.12/site-packages/py_pubsub/subscriber_node.py to subscriber_node.cpython-312.pyc
[1.163s] byte-compiling /home/sky/Documents/My-Projects/ros2-learning/ros2-ws/install/py_pubsub/lib/python3.12/site-packages/py_pubsub/__init__.py to __init__.cpython-312.pyc
[1.163s] byte-compiling /home/sky/Documents/My-Projects/ros2-learning/ros2-ws/install/py_pubsub/lib/python3.12/site-packages/py_pubsub/publisher_node.py to publisher_node.cpython-312.pyc
[1.163s] running install_data
[1.163s] creating /home/sky/Documents/My-Projects/ros2-learning/ros2-ws/install/py_pubsub/share/ament_index
[1.163s] creating /home/sky/Documents/My-Projects/ros2-learning/ros2-ws/install/py_pubsub/share/ament_index/resource_index
[1.163s] creating /home/sky/Documents/My-Projects/ros2-learning/ros2-ws/install/py_pubsub/share/ament_index/resource_index/packages
[1.163s] copying resource/py_pubsub -> /home/sky/Documents/My-Projects/ros2-learning/ros2-ws/install/py_pubsub/share/ament_index/resource_index/packages
[1.163s] copying package.xml -> /home/sky/Documents/My-Projects/ros2-learning/ros2-ws/install/py_pubsub/share/py_pubsub
[1.163s] running install_egg_info
[1.180s] Copying ../build/py_pubsub/py_pubsub.egg-info to /home/sky/Documents/My-Projects/ros2-learning/ros2-ws/install/py_pubsub/lib/python3.12/site-packages/py_pubsub-0.0.0-py3.12.egg-info
[1.181s] running install_scripts
[1.289s] Installing listener script to /home/sky/Documents/My-Projects/ros2-learning/ros2-ws/install/py_pubsub/lib/py_pubsub
[1.289s] Installing talker script to /home/sky/Documents/My-Projects/ros2-learning/ros2-ws/install/py_pubsub/lib/py_pubsub
[1.289s] writing list of installed files to '/home/sky/Documents/My-Projects/ros2-learning/ros2-ws/build/py_pubsub/install.log'
[1.311s] Invoked command in '/home/sky/Documents/My-Projects/ros2-learning/ros2-ws/src' returned '0': DEBUGINFOD_URLS=https://debuginfod.ubuntu.com PYTHONPATH=/home/sky/Documents/My-Projects/ros2-learning/ros2-ws/build/py_pubsub/prefix_override:/usr/lib/python3/dist-packages/colcon_core/task/python/colcon_distutils_commands:/home/sky/Documents/My-Projects/ros2-learning/ros2-ws/install/py_pubsub/lib/python3.12/site-packages:${PYTHONPATH} /usr/bin/python3 -W ignore:setup.py install is deprecated -W ignore:easy_install command is deprecated setup.py egg_info --egg-base ../build/py_pubsub build --build-base /home/sky/Documents/My-Projects/ros2-learning/ros2-ws/build/py_pubsub/build install --record /home/sky/Documents/My-Projects/ros2-learning/ros2-ws/build/py_pubsub/install.log --single-version-externally-managed install_data
